Archive member included to satisfy reference by file (symbol)

/home/pushkar/ARMToolchains/gcc-arm-none-eabi-6-2017-q1-update/bin/../lib/gcc/arm-none-eabi/6.3.1/../../../../arm-none-eabi/lib/thumb/v7-m/libg_nano.a(lib_a-errno.o)
                              ./system/src/newlib/_sbrk.o (__errno)
/home/pushkar/ARMToolchains/gcc-arm-none-eabi-6-2017-q1-update/bin/../lib/gcc/arm-none-eabi/6.3.1/../../../../arm-none-eabi/lib/thumb/v7-m/libg_nano.a(lib_a-impure.o)
                              /home/pushkar/ARMToolchains/gcc-arm-none-eabi-6-2017-q1-update/bin/../lib/gcc/arm-none-eabi/6.3.1/../../../../arm-none-eabi/lib/thumb/v7-m/libg_nano.a(lib_a-errno.o) (_impure_ptr)
/home/pushkar/ARMToolchains/gcc-arm-none-eabi-6-2017-q1-update/bin/../lib/gcc/arm-none-eabi/6.3.1/../../../../arm-none-eabi/lib/thumb/v7-m/libg_nano.a(lib_a-strlen.o)
                              ./system/src/diag/Trace.o (strlen)
/home/pushkar/ARMToolchains/gcc-arm-none-eabi-6-2017-q1-update/bin/../lib/gcc/arm-none-eabi/6.3.1/../../../../arm-none-eabi/lib/thumb/v7-m/libg_nano.a(lib_a-vsnprintf.o)
                              ./system/src/diag/Trace.o (vsnprintf)
/home/pushkar/ARMToolchains/gcc-arm-none-eabi-6-2017-q1-update/bin/../lib/gcc/arm-none-eabi/6.3.1/../../../../arm-none-eabi/lib/thumb/v7-m/libg_nano.a(lib_a-nano-svfprintf.o)
                              /home/pushkar/ARMToolchains/gcc-arm-none-eabi-6-2017-q1-update/bin/../lib/gcc/arm-none-eabi/6.3.1/../../../../arm-none-eabi/lib/thumb/v7-m/libg_nano.a(lib_a-vsnprintf.o) (_svfprintf_r)
/home/pushkar/ARMToolchains/gcc-arm-none-eabi-6-2017-q1-update/bin/../lib/gcc/arm-none-eabi/6.3.1/../../../../arm-none-eabi/lib/thumb/v7-m/libg_nano.a(lib_a-nano-vfprintf_i.o)
                              /home/pushkar/ARMToolchains/gcc-arm-none-eabi-6-2017-q1-update/bin/../lib/gcc/arm-none-eabi/6.3.1/../../../../arm-none-eabi/lib/thumb/v7-m/libg_nano.a(lib_a-nano-svfprintf.o) (_printf_i)
/home/pushkar/ARMToolchains/gcc-arm-none-eabi-6-2017-q1-update/bin/../lib/gcc/arm-none-eabi/6.3.1/../../../../arm-none-eabi/lib/thumb/v7-m/libg_nano.a(lib_a-memchr-stub.o)
                              /home/pushkar/ARMToolchains/gcc-arm-none-eabi-6-2017-q1-update/bin/../lib/gcc/arm-none-eabi/6.3.1/../../../../arm-none-eabi/lib/thumb/v7-m/libg_nano.a(lib_a-nano-svfprintf.o) (memchr)
/home/pushkar/ARMToolchains/gcc-arm-none-eabi-6-2017-q1-update/bin/../lib/gcc/arm-none-eabi/6.3.1/../../../../arm-none-eabi/lib/thumb/v7-m/libg_nano.a(lib_a-memcpy-stub.o)
                              /home/pushkar/ARMToolchains/gcc-arm-none-eabi-6-2017-q1-update/bin/../lib/gcc/arm-none-eabi/6.3.1/../../../../arm-none-eabi/lib/thumb/v7-m/libg_nano.a(lib_a-nano-svfprintf.o) (memcpy)
/home/pushkar/ARMToolchains/gcc-arm-none-eabi-6-2017-q1-update/bin/../lib/gcc/arm-none-eabi/6.3.1/../../../../arm-none-eabi/lib/thumb/v7-m/libg_nano.a(lib_a-memmove.o)
                              /home/pushkar/ARMToolchains/gcc-arm-none-eabi-6-2017-q1-update/bin/../lib/gcc/arm-none-eabi/6.3.1/../../../../arm-none-eabi/lib/thumb/v7-m/libg_nano.a(lib_a-nano-svfprintf.o) (memmove)
/home/pushkar/ARMToolchains/gcc-arm-none-eabi-6-2017-q1-update/bin/../lib/gcc/arm-none-eabi/6.3.1/../../../../arm-none-eabi/lib/thumb/v7-m/libg_nano.a(lib_a-nano-freer.o)
                              /home/pushkar/ARMToolchains/gcc-arm-none-eabi-6-2017-q1-update/bin/../lib/gcc/arm-none-eabi/6.3.1/../../../../arm-none-eabi/lib/thumb/v7-m/libg_nano.a(lib_a-nano-svfprintf.o) (_free_r)
/home/pushkar/ARMToolchains/gcc-arm-none-eabi-6-2017-q1-update/bin/../lib/gcc/arm-none-eabi/6.3.1/../../../../arm-none-eabi/lib/thumb/v7-m/libg_nano.a(lib_a-nano-mallocr.o)
                              /home/pushkar/ARMToolchains/gcc-arm-none-eabi-6-2017-q1-update/bin/../lib/gcc/arm-none-eabi/6.3.1/../../../../arm-none-eabi/lib/thumb/v7-m/libg_nano.a(lib_a-nano-svfprintf.o) (_malloc_r)
/home/pushkar/ARMToolchains/gcc-arm-none-eabi-6-2017-q1-update/bin/../lib/gcc/arm-none-eabi/6.3.1/../../../../arm-none-eabi/lib/thumb/v7-m/libg_nano.a(lib_a-nano-reallocr.o)
                              /home/pushkar/ARMToolchains/gcc-arm-none-eabi-6-2017-q1-update/bin/../lib/gcc/arm-none-eabi/6.3.1/../../../../arm-none-eabi/lib/thumb/v7-m/libg_nano.a(lib_a-nano-svfprintf.o) (_realloc_r)
/home/pushkar/ARMToolchains/gcc-arm-none-eabi-6-2017-q1-update/bin/../lib/gcc/arm-none-eabi/6.3.1/../../../../arm-none-eabi/lib/thumb/v7-m/libg_nano.a(lib_a-sbrkr.o)
                              /home/pushkar/ARMToolchains/gcc-arm-none-eabi-6-2017-q1-update/bin/../lib/gcc/arm-none-eabi/6.3.1/../../../../arm-none-eabi/lib/thumb/v7-m/libg_nano.a(lib_a-nano-mallocr.o) (_sbrk_r)
/home/pushkar/ARMToolchains/gcc-arm-none-eabi-6-2017-q1-update/bin/../lib/gcc/arm-none-eabi/6.3.1/../../../../arm-none-eabi/lib/thumb/v7-m/libg_nano.a(lib_a-mlock.o)
[...]
Memory Configuration

Name             Origin             Length             Attributes
RAM              0x0000000020000000 0x0000000000005000 xrw
CCMRAM           0x0000000000000000 0x0000000000000000 xrw
FLASH            0x0000000008000000 0x0000000000020000 xr
FLASHB1          0x0000000000000000 0x0000000000000000 xr
EXTMEMB0         0x0000000000000000 0x0000000000000000 xr
EXTMEMB1         0x0000000000000000 0x0000000000000000 xr
EXTMEMB2         0x0000000000000000 0x0000000000000000 xr
EXTMEMB3         0x0000000000000000 0x0000000000000000 xr
MEMORY_ARRAY     0x0000000000000000 0x0000000000000000 xrw
*default*        0x0000000000000000 0xffffffffffffffff

Linker script and memory map

LOAD ./system/src/stm32f1-stdperiph/misc.o
LOAD ./system/src/stm32f1-stdperiph/stm32f10x_gpio.o
LOAD ./system/src/stm32f1-stdperiph/stm32f10x_rcc.o
LOAD ./system/src/newlib/_cxx.o
LOAD ./system/src/newlib/_exit.o
LOAD ./system/src/newlib/_sbrk.o
LOAD ./system/src/newlib/_startup.o
LOAD ./system/src/newlib/_syscalls.o
LOAD ./system/src/newlib/assert.o
LOAD ./system/src/diag/Trace.o
LOAD ./system/src/diag/trace_impl.o
LOAD ./system/src/cortexm/_initialize_hardware.o
LOAD ./system/src/cortexm/_reset_hardware.o
LOAD ./system/src/cortexm/exception_handlers.o
LOAD ./system/src/cmsis/system_stm32f10x.o
LOAD ./system/src/cmsis/vectors_stm32f10x.o
LOAD ./src/BlinkLed.o
LOAD ./src/Timer.o
LOAD ./src/_write.o
LOAD ./src/main.o
LOAD /home/pushkar/ARMToolchains/gcc-arm-none-eabi-6-2017-q1-update/bin/../lib/gcc/arm-none-eabi/6.3.1/../../../../arm-none-eabi/lib/thumb/v7-m/libstdc++_nano.a
LOAD /home/pushkar/ARMToolchains/gcc-arm-none-eabi-6-2017-q1-update/bin/../lib/gcc/arm-none-eabi/6.3.1/../../../../arm-none-eabi/lib/thumb/v7-m/libm.a
START GROUP
LOAD /home/pushkar/ARMToolchains/gcc-arm-none-eabi-6-2017-q1-update/bin/../lib/gcc/arm-none-eabi/6.3.1/thumb/v7-m/libgcc.a
LOAD /home/pushkar/ARMToolchains/gcc-arm-none-eabi-6-2017-q1-update/bin/../lib/gcc/arm-none-eabi/6.3.1/../../../../arm-none-eabi/lib/thumb/v7-m/libg_nano.a
LOAD /home/pushkar/ARMToolchains/gcc-arm-none-eabi-6-2017-q1-update/bin/../lib/gcc/arm-none-eabi/6.3.1/../../../../arm-none-eabi/lib/thumb/v7-m/libc_nano.a
END GROUP
START GROUP
LOAD /home/pushkar/ARMToolchains/gcc-arm-none-eabi-6-2017-q1-update/bin/../lib/gcc/arm-none-eabi/6.3.1/thumb/v7-m/libgcc.a
LOAD /home/pushkar/ARMToolchains/gcc-arm-none-eabi-6-2017-q1-update/bin/../lib/gcc/arm-none-eabi/6.3.1/../../../../arm-none-eabi/lib/thumb/v7-m/libc_nano.a
END GROUP
                0x0000000020005000                __stack = (ORIGIN (RAM) + LENGTH (RAM))
                0x0000000020005000                _estack = __stack
                0x0000000000000400                __Main_Stack_Size = 0x400
                [!provide]                        PROVIDE (_Main_Stack_Size, __Main_Stack_Size)
                0x0000000020004c00                __Main_Stack_Limit = (__stack - __Main_Stack_Size)
                [!provide]                        PROVIDE (_Main_Stack_Limit, __Main_Stack_Limit)
                0x0000000000000100                _Minimum_Stack_Size = 0x100
                0x0000000020000128                PROVIDE (_Heap_Begin, _end_noinit)
                0x0000000020004c00                PROVIDE (_Heap_Limit, (__stack - __Main_Stack_Size))

.isr_vector     0x0000000008000000      0x350
 FILL mask 0xff
                0x0000000008000000                __vectors_start = ABSOLUTE (.)
                0x0000000008000000                __vectors_start__ = ABSOLUTE (.)
 *(.isr_vector)
 .isr_vector    0x0000000008000000      0x10c ./system/src/cmsis/vectors_stm32f10x.o
                0x0000000008000000                __isr_vectors
 *(.cfmconfig)
 *(.after_vectors .after_vectors.*)
 .after_vectors
                0x000000000800010c      0x114 ./system/src/newlib/_startup.o
                0x000000000800010c                _start
 .after_vectors
                0x0000000008000220      0x12c ./system/src/cortexm/exception_handlers.o
                0x0000000008000220                Reset_Handler
                0x0000000008000226                NMI_Handler
                0x000000000800022a                HardFault_Handler
                0x000000000800023e                HardFault_Handler_C
                0x000000000800029c                MemManage_Handler
                0x00000000080002a0                BusFault_Handler
                0x00000000080002b4                BusFault_Handler_C
                0x00000000080002e8                UsageFault_Handler
                0x00000000080002fc                UsageFault_Handler_C
                0x0000000008000330                SVC_Handler
                0x0000000008000334                DebugMon_Handler
                0x0000000008000338                PendSV_Handler
 .after_vectors
                0x000000000800034c        0x4 ./system/src/cmsis/vectors_stm32f10x.o
                0x000000000800034c                EXTI2_IRQHandler
                0x000000000800034c                TIM8_TRG_COM_IRQHandler
                0x000000000800034c                TIM8_CC_IRQHandler
                0x000000000800034c                TIM1_CC_IRQHandler
                0x000000000800034c                TIM6_IRQHandler
                0x000000000800034c                PVD_IRQHandler
                0x000000000800034c                SDIO_IRQHandler
                0x000000000800034c                CAN2_RX1_IRQHandler
                0x000000000800034c                EXTI3_IRQHandler
                0x000000000800034c                TIM8_TRG_COM_TIM14_IRQHandler
                0x000000000800034c                TIM1_UP_TIM10_IRQHandler
                0x000000000800034c                TIM8_UP_TIM13_IRQHandler
                0x000000000800034c                EXTI0_IRQHandler
                0x000000000800034c                I2C2_EV_IRQHandler
                0x000000000800034c                CAN1_RX0_IRQHandler
                0x000000000800034c                TIM1_UP_TIM16_IRQHandler
                0x000000000800034c                CAN2_SCE_IRQHandler
                0x000000000800034c                ADC1_2_IRQHandler
                0x000000000800034c                SPI1_IRQHandler
                0x000000000800034c                TAMPER_IRQHandler
                0x000000000800034c                TIM6_DAC_IRQHandler
                0x000000000800034c                TIM1_BRK_TIM9_IRQHandler
                0x000000000800034c                CAN2_RX0_IRQHandler
                0x000000000800034c                TIM8_UP_IRQHandler
                0x000000000800034c                DMA2_Channel2_IRQHandler
                0x000000000800034c                DMA1_Channel4_IRQHandler
                0x000000000800034c                USART3_IRQHandler
                0x000000000800034c                RTC_IRQHandler
                0x000000000800034c                DMA1_Channel7_IRQHandler
                0x000000000800034c                CAN1_RX1_IRQHandler
                0x000000000800034c                UART5_IRQHandler
                0x000000000800034c                ADC3_IRQHandler
                0x000000000800034c                TIM4_IRQHandler
                0x000000000800034c                DMA2_Channel1_IRQHandler
                0x000000000800034c                I2C1_EV_IRQHandler
                0x000000000800034c                DMA1_Channel6_IRQHandler
                0x000000000800034c                UART4_IRQHandler
                0x000000000800034c                DMA2_Channel4_IRQHandler
                0x000000000800034c                TIM3_IRQHandler
                0x000000000800034c                RCC_IRQHandler
                0x000000000800034c                TIM8_BRK_TIM12_IRQHandler
                0x000000000800034c                TIM1_TRG_COM_IRQHandler
                0x000000000800034c                DMA1_Channel1_IRQHandler
                0x000000000800034c                Default_Handler
                0x000000000800034c                CEC_IRQHandler
                0x000000000800034c                EXTI15_10_IRQHandler
                0x000000000800034c                TIM14_IRQHandler
                0x000000000800034c                TIM13_IRQHandler
                0x000000000800034c                TIM12_IRQHandler
                0x000000000800034c                TIM7_IRQHandler
                0x000000000800034c                CAN2_TX_IRQHandler
                0x000000000800034c                TIM5_IRQHandler
                0x000000000800034c                EXTI9_5_IRQHandler
                0x000000000800034c                ETH_WKUP_IRQHandler
                0x000000000800034c                SPI2_IRQHandler
                0x000000000800034c                CAN1_TX_IRQHandler
                0x000000000800034c                DMA2_Channel5_IRQHandler
                0x000000000800034c                DMA1_Channel5_IRQHandler
                0x000000000800034c                EXTI4_IRQHandler
                0x000000000800034c                USB_LP_CAN1_RX0_IRQHandler
                0x000000000800034c                TIM1_TRG_COM_TIM17_IRQHandler
                0x000000000800034c                USB_HP_CAN1_TX_IRQHandler
                0x000000000800034c                DMA1_Channel3_IRQHandler
                0x000000000800034c                FSMC_IRQHandler
                0x000000000800034c                ETH_IRQHandler
                0x000000000800034c                TIM1_UP_IRQHandler
                0x000000000800034c                WWDG_IRQHandler
                0x000000000800034c                TIM2_IRQHandler
                0x000000000800034c                OTG_FS_WKUP_IRQHandler
                0x000000000800034c                TIM1_TRG_COM_TIM11_IRQHandler
                0x000000000800034c                TIM1_BRK_IRQHandler
                0x000000000800034c                EXTI1_IRQHandler
                0x000000000800034c                RTCAlarm_IRQHandler
                0x000000000800034c                DMA2_Channel4_5_IRQHandler
                0x000000000800034c                USART2_IRQHandler
                0x000000000800034c                I2C2_ER_IRQHandler
                0x000000000800034c                DMA1_Channel2_IRQHandler
                0x000000000800034c                TIM8_BRK_IRQHandler
                0x000000000800034c                CAN1_SCE_IRQHandler
                0x000000000800034c                FLASH_IRQHandler
                0x000000000800034c                USART1_IRQHandler
                0x000000000800034c                OTG_FS_IRQHandler
                0x000000000800034c                SPI3_IRQHandler
                0x000000000800034c                I2C1_ER_IRQHandler
                0x000000000800034c                USBWakeUp_IRQHandler
                0x000000000800034c                DMA2_Channel3_IRQHandler
                0x000000000800034c                TIM1_BRK_TIM15_IRQHandler

.inits          0x0000000008000350       0x28
                0x0000000008000350                __data_regions_array_start = .
                0x0000000008000350        0x4 LONG 0x80015d8 LOADADDR (.data)
                0x0000000008000354        0x4 LONG 0x20000000 ADDR (.data)
                0x0000000008000358        0x4 LONG 0x20000088 (ADDR (.data) + SIZEOF (.data))
                0x000000000800035c        0x4 LONG 0x80015d8 LOADADDR (.data_CCMRAM)
                0x0000000008000360        0x4 LONG 0x0 ADDR (.data_CCMRAM)
                0x0000000008000364        0x4 LONG 0x0 (ADDR (.data_CCMRAM) + SIZEOF (.data_CCMRAM))
                0x0000000008000368                __data_regions_array_end = .
                0x0000000008000368                __bss_regions_array_start = .
                0x0000000008000368        0x4 LONG 0x20000088 ADDR (.bss)
                0x000000000800036c        0x4 LONG 0x20000128 (ADDR (.bss) + SIZEOF (.bss))
                0x0000000008000370        0x4 LONG 0x0 ADDR (.bss_CCMRAM)
                0x0000000008000374        0x4 LONG 0x0 (ADDR (.bss_CCMRAM) + SIZEOF (.bss_CCMRAM))
                0x0000000008000378                __bss_regions_array_end = .
 *(.init)
 *(.fini)
                0x0000000008000378                . = ALIGN (0x4)
                0x0000000008000378                PROVIDE (__preinit_array_start, .)
 *(.preinit_array_sysinit .preinit_array_sysinit.*)
 *(.preinit_array_platform .preinit_array_platform.*)
 *(.preinit_array .preinit_array.*)
                0x0000000008000378                PROVIDE (__preinit_array_end, .)
                0x0000000008000378                . = ALIGN (0x4)
                0x0000000008000378                PROVIDE (__init_array_start, .)
 *(SORT(.init_array.*))
 *(.init_array)
                0x0000000008000378                PROVIDE (__init_array_end, .)
                0x0000000008000378                . = ALIGN (0x4)
                0x0000000008000378                PROVIDE (__fini_array_start, .)
 *(SORT(.fini_array.*))
 *(.fini_array)
                0x0000000008000378                PROVIDE (__fini_array_end, .)

.flashtext
 *(.flashtext .flashtext.*)

.text           0x0000000008000378     0x125f
 *(.text .text.*)
 .text.GPIO_Init
                0x0000000008000378      0x130 ./system/src/stm32f1-stdperiph/stm32f10x_gpio.o
                0x0000000008000378                GPIO_Init
 .text.GPIO_SetBits
                0x00000000080004a8       0x60 ./system/src/stm32f1-stdperiph/stm32f10x_gpio.o
                0x00000000080004a8                GPIO_SetBits
 .text.GPIO_ResetBits
                0x0000000008000508       0x60 ./system/src/stm32f1-stdperiph/stm32f10x_gpio.o
                0x0000000008000508                GPIO_ResetBits
 .text.RCC_APB2PeriphClockCmd
                0x0000000008000568       0x4c ./system/src/stm32f1-stdperiph/stm32f10x_rcc.o
                0x0000000008000568                RCC_APB2PeriphClockCmd
 .text._exit    0x00000000080005b4        0x2 ./system/src/newlib/_exit.o
                0x00000000080005b4                _exit
 *fill*         0x00000000080005b6        0x2 
 .text.abort    0x00000000080005b8       0x14 ./system/src/newlib/_exit.o
                0x00000000080005b8                abort
 .text._sbrk    0x00000000080005cc       0x44 ./system/src/newlib/_sbrk.o
                0x00000000080005cc                _sbrk
 .text.__initialize_args
                0x0000000008000610       0x10 ./system/src/newlib/_syscalls.o
                0x0000000008000610                __initialize_args
 .text.assert_failed
                0x0000000008000620       0x14 ./system/src/newlib/assert.o
                0x0000000008000620                assert_failed
 .text.trace_printf
                0x0000000008000634       0x30 ./system/src/diag/Trace.o
                0x0000000008000634                trace_printf
 .text.trace_puts
                0x0000000008000664       0x20 ./system/src/diag/Trace.o
                0x0000000008000664                trace_puts
 .text._trace_write_semihosting_debug
                0x0000000008000684       0x60 ./system/src/diag/trace_impl.o
 .text.trace_write
                0x00000000080006e4        0x8 ./system/src/diag/trace_impl.o
                0x00000000080006e4                trace_write
 .text.__initialize_hardware_early
                0x00000000080006ec       0x18 ./system/src/cortexm/_initialize_hardware.o
                0x00000000080006ec                __initialize_hardware_early
 .text.__initialize_hardware
                0x0000000008000704        0x8 ./system/src/cortexm/_initialize_hardware.o
                0x0000000008000704                __initialize_hardware
 .text.dumpExceptionStack
                0x000000000800070c       0xf4 ./system/src/cortexm/exception_handlers.o
                0x000000000800070c                dumpExceptionStack
 .text.isSemihosting
                0x0000000008000800       0x20 ./system/src/cortexm/exception_handlers.o
                0x0000000008000800                isSemihosting
 .text.SetSysClockTo72
                0x0000000008000820       0xc4 ./system/src/cmsis/system_stm32f10x.o
 .text.SetSysClock
                0x00000000080008e4        0x8 ./system/src/cmsis/system_stm32f10x.o
 .text.SystemInit
                0x00000000080008ec       0x50 ./system/src/cmsis/system_stm32f10x.o
                0x00000000080008ec                SystemInit
 .text.SystemCoreClockUpdate
                0x000000000800093c       0x94 ./system/src/cmsis/system_stm32f10x.o
                0x000000000800093c                SystemCoreClockUpdate
 .text.blink_led_init
                0x00000000080009d0       0x3c ./src/BlinkLed.o
                0x00000000080009d0                blink_led_init
 .text.timer_start
                0x0000000008000a0c       0x3c ./src/Timer.o
                0x0000000008000a0c                timer_start
 .text.timer_sleep
                0x0000000008000a48       0x14 ./src/Timer.o
                0x0000000008000a48                timer_sleep
 .text.timer_tick
                0x0000000008000a5c       0x14 ./src/Timer.o
                0x0000000008000a5c                timer_tick
 .text.SysTick_Handler
                0x0000000008000a70        0x8 ./src/Timer.o
                0x0000000008000a70                SysTick_Handler
 .text.main     0x0000000008000a78       0x68 ./src/main.o
                0x0000000008000a78                main
 .text.__errno  0x0000000008000ae0        0xc /home/pushkar/ARMToolchains/gcc-arm-none-eabi-6-2017-q1-update/bin/../lib/gcc/arm-none-eabi/6.3.1/../../../../arm-none-eabi/lib/thumb/v7-m/libg_nano.a(lib_a-errno.o)
                0x0000000008000ae0                __errno
 .text          0x0000000008000aec       0x10 /home/pushkar/ARMToolchains/gcc-arm-none-eabi-6-2017-q1-update/bin/../lib/gcc/arm-none-eabi/6.3.1/../../../../arm-none-eabi/lib/thumb/v7-m/libg_nano.a(lib_a-strlen.o)
                0x0000000008000aec                strlen
 .text._vsnprintf_r
                0x0000000008000afc       0x58 /home/pushkar/ARMToolchains/gcc-arm-none-eabi-6-2017-q1-update/bin/../lib/gcc/arm-none-eabi/6.3.1/../../../../arm-none-eabi/lib/thumb/v7-m/libg_nano.a(lib_a-vsnprintf.o)
                0x0000000008000afc                _vsnprintf_r
                0x0000000008000afc                _vsniprintf_r
 .text.vsnprintf
                0x0000000008000b54       0x1c /home/pushkar/ARMToolchains/gcc-arm-none-eabi-6-2017-q1-update/bin/../lib/gcc/arm-none-eabi/6.3.1/../../../../arm-none-eabi/lib/thumb/v7-m/libg_nano.a(lib_a-vsnprintf.o)
                0x0000000008000b54                vsnprintf
                0x0000000008000b54                vsniprintf
 .text.__ssputs_r
                0x0000000008000b70       0xb6 /home/pushkar/ARMToolchains/gcc-arm-none-eabi-6-2017-q1-update/bin/../lib/gcc/arm-none-eabi/6.3.1/../../../../arm-none-eabi/lib/thumb/v7-m/libg_nano.a(lib_a-nano-svfprintf.o)
                0x0000000008000b70                __ssputs_r
 *fill*         0x0000000008000c26        0x2 
 .text._svfprintf_r
                0x0000000008000c28      0x1e8 /home/pushkar/ARMToolchains/gcc-arm-none-eabi-6-2017-q1-update/bin/../lib/gcc/arm-none-eabi/6.3.1/../../../../arm-none-eabi/lib/thumb/v7-m/libg_nano.a(lib_a-nano-svfprintf.o)
                0x0000000008000c28                _svfprintf_r
                0x0000000008000c28                _svfiprintf_r
 .text._printf_common
                0x0000000008000e10       0xee /home/pushkar/ARMToolchains/gcc-arm-none-eabi-6-2017-q1-update/bin/../lib/gcc/arm-none-eabi/6.3.1/../../../../arm-none-eabi/lib/thumb/v7-m/libg_nano.a(lib_a-nano-vfprintf_i.o)
                0x0000000008000e10                _printf_common
 *fill*         0x0000000008000efe        0x2 
 .text._printf_i
                0x0000000008000f00      0x240 /home/pushkar/ARMToolchains/gcc-arm-none-eabi-6-2017-q1-update/bin/../lib/gcc/arm-none-eabi/6.3.1/../../../../arm-none-eabi/lib/thumb/v7-m/libg_nano.a(lib_a-nano-vfprintf_i.o)
                0x0000000008000f00                _printf_i
 .text.memchr   0x0000000008001140       0x1c /home/pushkar/ARMToolchains/gcc-arm-none-eabi-6-2017-q1-update/bin/../lib/gcc/arm-none-eabi/6.3.1/../../../../arm-none-eabi/lib/thumb/v7-m/libg_nano.a(lib_a-memchr-stub.o)
                0x0000000008001140                memchr
 .text.memcpy   0x000000000800115c       0x16 /home/pushkar/ARMToolchains/gcc-arm-none-eabi-6-2017-q1-update/bin/../lib/gcc/arm-none-eabi/6.3.1/../../../../arm-none-eabi/lib/thumb/v7-m/libg_nano.a(lib_a-memcpy-stub.o)
                0x000000000800115c                memcpy
 .text.memmove  0x0000000008001172       0x34 /home/pushkar/ARMToolchains/gcc-arm-none-eabi-6-2017-q1-update/bin/../lib/gcc/arm-none-eabi/6.3.1/../../../../arm-none-eabi/lib/thumb/v7-m/libg_nano.a(lib_a-memmove.o)
                0x0000000008001172                memmove
 *fill*         0x00000000080011a6        0x2 
 .text._free_r  0x00000000080011a8       0x98 /home/pushkar/ARMToolchains/gcc-arm-none-eabi-6-2017-q1-update/bin/../lib/gcc/arm-none-eabi/6.3.1/../../../../arm-none-eabi/lib/thumb/v7-m/libg_nano.a(lib_a-nano-freer.o)
                0x00000000080011a8                _free_r
 .text._malloc_r
                0x0000000008001240       0xbc /home/pushkar/ARMToolchains/gcc-arm-none-eabi-6-2017-q1-update/bin/../lib/gcc/arm-none-eabi/6.3.1/../../../../arm-none-eabi/lib/thumb/v7-m/libg_nano.a(lib_a-nano-mallocr.o)
                0x0000000008001240                _malloc_r
 .text._realloc_r
                0x00000000080012fc       0x4c /home/pushkar/ARMToolchains/gcc-arm-none-eabi-6-2017-q1-update/bin/../lib/gcc/arm-none-eabi/6.3.1/../../../../arm-none-eabi/lib/thumb/v7-m/libg_nano.a(lib_a-nano-reallocr.o)
                0x00000000080012fc                _realloc_r
 .text._sbrk_r  0x0000000008001348       0x20 /home/pushkar/ARMToolchains/gcc-arm-none-eabi-6-2017-q1-update/bin/../lib/gcc/arm-none-eabi/6.3.1/../../../../arm-none-eabi/lib/thumb/v7-m/libg_nano.a(lib_a-sbrkr.o)
                0x0000000008001348                _sbrk_r
 .text.__malloc_lock
                0x0000000008001368        0x2 /home/pushkar/ARMToolchains/gcc-arm-none-eabi-6-2017-q1-update/bin/../lib/gcc/arm-none-eabi/6.3.1/../../../../arm-none-eabi/lib/thumb/v7-m/libg_nano.a(lib_a-mlock.o)
                0x0000000008001368                __malloc_lock
 .text.__malloc_unlock
                0x000000000800136a        0x2 /home/pushkar/ARMToolchains/gcc-arm-none-eabi-6-2017-q1-update/bin/../lib/gcc/arm-none-eabi/6.3.1/../../../../arm-none-eabi/lib/thumb/v7-m/libg_nano.a(lib_a-mlock.o)
                0x000000000800136a                __malloc_unlock
 .text._malloc_usable_size_r
                0x000000000800136c       0x12 /home/pushkar/ARMToolchains/gcc-arm-none-eabi-6-2017-q1-update/bin/../lib/gcc/arm-none-eabi/6.3.1/../../../../arm-none-eabi/lib/thumb/v7-m/libg_nano.a(lib_a-nano-msizer.o)
                0x000000000800136c                _malloc_usable_size_r
 *(.rodata .rodata.* .constdata .constdata.*)
 *fill*         0x000000000800137e        0x2 
 .rodata.GPIO_DeInit.str1.4
                0x0000000008001380       0x31 ./system/src/stm32f1-stdperiph/stm32f10x_gpio.o
 *fill*         0x00000000080013b1        0x3 
 .rodata.RCC_HSEConfig.str1.4
                0x00000000080013b4       0x30 ./system/src/stm32f1-stdperiph/stm32f10x_rcc.o
 .rodata.abort.str1.4
                0x00000000080013e4       0x14 ./system/src/newlib/_exit.o
 .rodata.assert_failed.str1.4
                0x00000000080013f8       0x2b ./system/src/newlib/assert.o
 .rodata.trace_puts.str1.4
                0x0000000008001423       0x2b ./system/src/diag/Trace.o
                                          0x2 (size before relaxing)
 *fill*         0x0000000008001423        0x1 
 .rodata.dumpExceptionStack.str1.4
                0x0000000008001424      0x11a ./system/src/cortexm/exception_handlers.o
 *fill*         0x000000000800153e        0x2 
 .rodata.str1.4
                0x0000000008001540       0x2a ./system/src/cortexm/exception_handlers.o
 *fill*         0x000000000800156a        0x2 
 .rodata.main.str1.4
                0x000000000800156c       0x38 ./src/main.o
                                         0x37 (size before relaxing)
 .rodata._svfprintf_r.str1.1
                0x00000000080015a4       0x11 /home/pushkar/ARMToolchains/gcc-arm-none-eabi-6-2017-q1-update/bin/../lib/gcc/arm-none-eabi/6.3.1/../../../../arm-none-eabi/lib/thumb/v7-m/libg_nano.a(lib_a-nano-svfprintf.o)
 .rodata._printf_i.str1.1
                0x00000000080015b5       0x22 /home/pushkar/ARMToolchains/gcc-arm-none-eabi-6-2017-q1-update/bin/../lib/gcc/arm-none-eabi/6.3.1/../../../../arm-none-eabi/lib/thumb/v7-m/libg_nano.a(lib_a-nano-vfprintf_i.o)
 *(vtable)
 *(.eh_frame*)
 *(.glue_7)
 .glue_7        0x00000000080015d7        0x0 linker stubs
 *(.glue_7t)
 .glue_7t       0x00000000080015d7        0x0 linker stubs

.vfp11_veneer   0x00000000080015d8        0x0
 .vfp11_veneer  0x00000000080015d8        0x0 linker stubs

.v4_bx          0x00000000080015d8        0x0
 .v4_bx         0x00000000080015d8        0x0 linker stubs

.iplt           0x00000000080015d8        0x0
 .iplt          0x00000000080015d8        0x0 ./system/src/stm32f1-stdperiph/misc.o

.rel.dyn        0x00000000080015d8        0x0
 .rel.iplt      0x00000000080015d8        0x0 ./system/src/stm32f1-stdperiph/misc.o

.ARM.extab
 *(.ARM.extab* .gnu.linkonce.armextab.*)
                0x00000000080015d8                . = ALIGN (0x4)
                0x00000000080015d8                __exidx_start = .

.ARM.exidx
 *(.ARM.exidx* .gnu.linkonce.armexidx.*)
                0x00000000080015d8                __exidx_end = .
                0x00000000080015d8                . = ALIGN (0x4)
                0x00000000080015d8                _etext = .
                0x00000000080015d8                __etext = .

.data_CCMRAM    0x0000000000000000        0x0 load address 0x00000000080015d8
 FILL mask 0xff
 *(.data.CCMRAM .data.CCMRAM.*)
                0x0000000000000000                . = ALIGN (0x4)
                0x00000000080015d8                _sidata = LOADADDR (.data)

.data           0x0000000020000000       0x88 load address 0x00000000080015d8
 FILL mask 0xff
                0x0000000020000000                _sdata = .
                0x0000000020000000                __data_start__ = .
 *(.data_begin .data_begin.*)
 .data_begin    0x0000000020000000        0x4 ./system/src/newlib/_startup.o
 *(.data .data.*)
 .data.argv.4263
                0x0000000020000004        0x8 ./system/src/newlib/_syscalls.o
 .data.AHBPrescTable
                0x000000002000000c       0x10 ./system/src/cmsis/system_stm32f10x.o
                0x000000002000000c                AHBPrescTable
 .data.SystemCoreClock
                0x000000002000001c        0x4 ./system/src/cmsis/system_stm32f10x.o
                0x000000002000001c                SystemCoreClock
 .data._impure_ptr
                0x0000000020000020        0x4 /home/pushkar/ARMToolchains/gcc-arm-none-eabi-6-2017-q1-update/bin/../lib/gcc/arm-none-eabi/6.3.1/../../../../arm-none-eabi/lib/thumb/v7-m/libg_nano.a(lib_a-impure.o)
                0x0000000020000020                _impure_ptr
 .data.impure_data
                0x0000000020000024       0x60 /home/pushkar/ARMToolchains/gcc-arm-none-eabi-6-2017-q1-update/bin/../lib/gcc/arm-none-eabi/6.3.1/../../../../arm-none-eabi/lib/thumb/v7-m/libg_nano.a(lib_a-impure.o)
 *(.data_end .data_end.*)
 .data_end      0x0000000020000084        0x4 ./system/src/newlib/_startup.o
                0x0000000020000088                . = ALIGN (0x4)
                0x0000000020000088                _edata = .
                0x0000000020000088                __data_end__ = .

.igot.plt       0x0000000020000088        0x0 load address 0x0000000008001660
 .igot.plt      0x0000000020000088        0x0 ./system/src/stm32f1-stdperiph/misc.o

.bss_CCMRAM     0x0000000000000000        0x0
 *(.bss.CCMRAM .bss.CCMRAM.*)

.bss            0x0000000020000088       0xa0
                0x0000000020000088                __bss_start__ = .
                0x0000000020000088                _sbss = .
 *(.bss_begin .bss_begin.*)
 .bss_begin     0x0000000020000088        0x4 ./system/src/newlib/_startup.o
 *(.bss .bss.*)
 .bss.current_heap_end.3947
                0x000000002000008c        0x4 ./system/src/newlib/_sbrk.o
 .bss.name.4262
                0x0000000020000090        0x1 ./system/src/newlib/_syscalls.o
 *fill*         0x0000000020000091        0x3 
 .bss.buf.5152  0x0000000020000094       0x80 ./system/src/diag/Trace.o
 .bss.__malloc_free_list
                0x0000000020000114        0x4 /home/pushkar/ARMToolchains/gcc-arm-none-eabi-6-2017-q1-update/bin/../lib/gcc/arm-none-eabi/6.3.1/../../../../arm-none-eabi/lib/thumb/v7-m/libg_nano.a(lib_a-nano-mallocr.o)
                0x0000000020000114                __malloc_free_list
 .bss.__malloc_sbrk_start
                0x0000000020000118        0x4 /home/pushkar/ARMToolchains/gcc-arm-none-eabi-6-2017-q1-update/bin/../lib/gcc/arm-none-eabi/6.3.1/../../../../arm-none-eabi/lib/thumb/v7-m/libg_nano.a(lib_a-nano-mallocr.o)
                0x0000000020000118                __malloc_sbrk_start
 *(COMMON)
 COMMON         0x000000002000011c        0x4 ./system/src/newlib/_syscalls.o
                0x000000002000011c                errno
 COMMON         0x0000000020000120        0x4 ./src/Timer.o
                0x0000000020000120                timer_delayCount
 *(.bss_end .bss_end.*)
 .bss_end       0x0000000020000124        0x4 ./system/src/newlib/_startup.o
                0x0000000020000128                . = ALIGN (0x4)
                0x0000000020000128                __bss_end__ = .
                0x0000000020000128                _ebss = .

.noinit_CCMRAM
 *(.noinit.CCMRAM .noinit.CCMRAM.*)

.noinit         0x0000000020000128        0x0
                0x0000000020000128                _noinit = .
 *(.noinit .noinit.*)
                0x0000000020000128                . = ALIGN (0x4)
                0x0000000020000128                _end_noinit = .
                [!provide]                        PROVIDE (end, _end_noinit)
                [!provide]                        PROVIDE (_end, _end_noinit)
                [!provide]                        PROVIDE (__end, _end_noinit)
                [!provide]                        PROVIDE (__end__, _end_noinit)

._check_stack   0x0000000020000128      0x100
                0x0000000020000228                . = (. + _Minimum_Stack_Size)
 *fill*         0x0000000020000128      0x100 

.b1text
 *(.b1text)
 *(.b1rodata)
 *(.b1rodata.*)

.eb0text
 *(.eb0text)
 *(.eb0rodata)
 *(.eb0rodata.*)

.eb1text
 *(.eb1text)
 *(.eb1rodata)
 *(.eb1rodata.*)

.eb2text
 *(.eb2text)
 *(.eb2rodata)
 *(.eb2rodata.*)

.eb3text
 *(.eb3text)
 *(.eb3rodata)
 *(.eb3rodata.*)

.stab
 *(.stab)

.stabstr
 *(.stabstr)

.stab.excl
 *(.stab.excl)

.stab.exclstr
 *(.stab.exclstr)

.stab.index
 *(.stab.index)

.stab.indexstr
 *(.stab.indexstr)

.comment        0x0000000000000000       0x7f
 *(.comment)
 .comment       0x0000000000000000       0x7f ./system/src/stm32f1-stdperiph/stm32f10x_gpio.o
                                         0x80 (size before relaxing)
 .comment       0x000000000000007f       0x80 ./system/src/stm32f1-stdperiph/stm32f10x_rcc.o
 .comment       0x000000000000007f       0x80 ./system/src/newlib/_exit.o
 .comment       0x000000000000007f       0x80 ./system/src/newlib/_sbrk.o
 .comment       0x000000000000007f       0x80 ./system/src/newlib/_startup.o
 .comment       0x000000000000007f       0x80 ./system/src/newlib/_syscalls.o
 .comment       0x000000000000007f       0x80 ./system/src/newlib/assert.o
 .comment       0x000000000000007f       0x80 ./system/src/diag/Trace.o
 .comment       0x000000000000007f       0x80 ./system/src/diag/trace_impl.o
 .comment       0x000000000000007f       0x80 ./system/src/cortexm/_initialize_hardware.o
 .comment       0x000000000000007f       0x80 ./system/src/cortexm/exception_handlers.o
 .comment       0x000000000000007f       0x80 ./system/src/cmsis/system_stm32f10x.o
 .comment       0x000000000000007f       0x80 ./system/src/cmsis/vectors_stm32f10x.o
 .comment       0x000000000000007f       0x80 ./src/BlinkLed.o
 .comment       0x000000000000007f       0x80 ./src/Timer.o
 .comment       0x000000000000007f       0x80 ./src/main.o

.ARM.attributes
                0x0000000000000000       0x31
 .ARM.attributes
                0x0000000000000000       0x33 ./system/src/stm32f1-stdperiph/stm32f10x_gpio.o
 .ARM.attributes
                0x0000000000000033       0x33 ./system/src/stm32f1-stdperiph/stm32f10x_rcc.o
 .ARM.attributes
                0x0000000000000066       0x33 ./system/src/newlib/_exit.o
 .ARM.attributes
                0x0000000000000099       0x33 ./system/src/newlib/_sbrk.o
 .ARM.attributes
                0x00000000000000cc       0x33 ./system/src/newlib/_startup.o
 .ARM.attributes
                0x00000000000000ff       0x33 ./system/src/newlib/_syscalls.o
 .ARM.attributes
                0x0000000000000132       0x33 ./system/src/newlib/assert.o
 .ARM.attributes
                0x0000000000000165       0x33 ./system/src/diag/Trace.o
 .ARM.attributes
                0x0000000000000198       0x33 ./system/src/diag/trace_impl.o
 .ARM.attributes
                0x00000000000001cb       0x33 ./system/src/cortexm/_initialize_hardware.o
 .ARM.attributes
                0x00000000000001fe       0x33 ./system/src/cortexm/exception_handlers.o
 .ARM.attributes
                0x0000000000000231       0x33 ./system/src/cmsis/system_stm32f10x.o
 .ARM.attributes
                0x0000000000000264       0x33 ./system/src/cmsis/vectors_stm32f10x.o
 .ARM.attributes
                0x0000000000000297       0x33 ./src/BlinkLed.o
 .ARM.attributes
                0x00000000000002ca       0x33 ./src/Timer.o
 .ARM.attributes
                0x00000000000002fd       0x33 ./src/main.o
 .ARM.attributes
                0x0000000000000330       0x2d /home/pushkar/ARMToolchains/gcc-arm-none-eabi-6-2017-q1-update/bin/../lib/gcc/arm-none-eabi/6.3.1/../../../../arm-none-eabi/lib/thumb/v7-m/libg_nano.a(lib_a-errno.o)
 .ARM.attributes
                0x000000000000035d       0x2d /home/pushkar/ARMToolchains/gcc-arm-none-eabi-6-2017-q1-update/bin/../lib/gcc/arm-none-eabi/6.3.1/../../../../arm-none-eabi/lib/thumb/v7-m/libg_nano.a(lib_a-impure.o)
 .ARM.attributes
                0x000000000000038a       0x17 /home/pushkar/ARMToolchains/gcc-arm-none-eabi-6-2017-q1-update/bin/../lib/gcc/arm-none-eabi/6.3.1/../../../../arm-none-eabi/lib/thumb/v7-m/libg_nano.a(lib_a-strlen.o)
 .ARM.attributes
                0x00000000000003a1       0x2d /home/pushkar/ARMToolchains/gcc-arm-none-eabi-6-2017-q1-update/bin/../lib/gcc/arm-none-eabi/6.3.1/../../../../arm-none-eabi/lib/thumb/v7-m/libg_nano.a(lib_a-vsnprintf.o)
 .ARM.attributes
                0x00000000000003ce       0x2d /home/pushkar/ARMToolchains/gcc-arm-none-eabi-6-2017-q1-update/bin/../lib/gcc/arm-none-eabi/6.3.1/../../../../arm-none-eabi/lib/thumb/v7-m/libg_nano.a(lib_a-nano-svfprintf.o)
 .ARM.attributes
                0x00000000000003fb       0x2d /home/pushkar/ARMToolchains/gcc-arm-none-eabi-6-2017-q1-update/bin/../lib/gcc/arm-none-eabi/6.3.1/../../../../arm-none-eabi/lib/thumb/v7-m/libg_nano.a(lib_a-nano-vfprintf_i.o)
 .ARM.attributes
                0x0000000000000428       0x2d /home/pushkar/ARMToolchains/gcc-arm-none-eabi-6-2017-q1-update/bin/../lib/gcc/arm-none-eabi/6.3.1/../../../../arm-none-eabi/lib/thumb/v7-m/libg_nano.a(lib_a-memchr-stub.o)
 .ARM.attributes
                0x0000000000000455       0x2d /home/pushkar/ARMToolchains/gcc-arm-none-eabi-6-2017-q1-update/bin/../lib/gcc/arm-none-eabi/6.3.1/../../../../arm-none-eabi/lib/thumb/v7-m/libg_nano.a(lib_a-memcpy-stub.o)
 .ARM.attributes
                0x0000000000000482       0x2d /home/pushkar/ARMToolchains/gcc-arm-none-eabi-6-2017-q1-update/bin/../lib/gcc/arm-none-eabi/6.3.1/../../../../arm-none-eabi/lib/thumb/v7-m/libg_nano.a(lib_a-memmove.o)
 .ARM.attributes
                0x00000000000004af       0x2d /home/pushkar/ARMToolchains/gcc-arm-none-eabi-6-2017-q1-update/bin/../lib/gcc/arm-none-eabi/6.3.1/../../../../arm-none-eabi/lib/thumb/v7-m/libg_nano.a(lib_a-nano-freer.o)
 .ARM.attributes
                0x00000000000004dc       0x2d /home/pushkar/ARMToolchains/gcc-arm-none-eabi-6-2017-q1-update/bin/../lib/gcc/arm-none-eabi/6.3.1/../../../../arm-none-eabi/lib/thumb/v7-m/libg_nano.a(lib_a-nano-mallocr.o)
 .ARM.attributes
                0x0000000000000509       0x2d /home/pushkar/ARMToolchains/gcc-arm-none-eabi-6-2017-q1-update/bin/../lib/gcc/arm-none-eabi/6.3.1/../../../../arm-none-eabi/lib/thumb/v7-m/libg_nano.a(lib_a-nano-reallocr.o)
 .ARM.attributes
                0x0000000000000536       0x2d /home/pushkar/ARMToolchains/gcc-arm-none-eabi-6-2017-q1-update/bin/../lib/gcc/arm-none-eabi/6.3.1/../../../../arm-none-eabi/lib/thumb/v7-m/libg_nano.a(lib_a-sbrkr.o)
 .ARM.attributes
                0x0000000000000563       0x2d /home/pushkar/ARMToolchains/gcc-arm-none-eabi-6-2017-q1-update/bin/../lib/gcc/arm-none-eabi/6.3.1/../../../../arm-none-eabi/lib/thumb/v7-m/libg_nano.a(lib_a-mlock.o)
 .ARM.attributes
                0x0000000000000590       0x2d /home/pushkar/ARMToolchains/gcc-arm-none-eabi-6-2017-q1-update/bin/../lib/gcc/arm-none-eabi/6.3.1/../../../../arm-none-eabi/lib/thumb/v7-m/libg_nano.a(lib_a-nano-msizer.o)

.debug
 *(.debug)

.line
 *(.line)

.debug_srcinfo
 *(.debug_srcinfo)

.debug_sfnames
 *(.debug_sfnames)

.debug_aranges  0x0000000000000000      0x490
 *(.debug_aranges)
 .debug_aranges
                0x0000000000000000       0xa8 ./system/src/stm32f1-stdperiph/stm32f10x_gpio.o
 .debug_aranges
                0x00000000000000a8      0x118 ./system/src/stm32f1-stdperiph/stm32f10x_rcc.o
 .debug_aranges
                0x00000000000001c0       0x28 ./system/src/newlib/_exit.o
 .debug_aranges
                0x00000000000001e8       0x20 ./system/src/newlib/_sbrk.o
 .debug_aranges
                0x0000000000000208       0x40 ./system/src/newlib/_startup.o
 .debug_aranges
                0x0000000000000248       0x30 ./system/src/newlib/_syscalls.o
 .debug_aranges
                0x0000000000000278       0x28 ./system/src/newlib/assert.o
 .debug_aranges
                0x00000000000002a0       0x38 ./system/src/diag/Trace.o
 .debug_aranges
                0x00000000000002d8       0x30 ./system/src/diag/trace_impl.o
 .debug_aranges
                0x0000000000000308       0x28 ./system/src/cortexm/_initialize_hardware.o
 .debug_aranges
                0x0000000000000330       0x90 ./system/src/cortexm/exception_handlers.o
 .debug_aranges
                0x00000000000003c0       0x38 ./system/src/cmsis/system_stm32f10x.o
 .debug_aranges
                0x00000000000003f8       0x20 ./system/src/cmsis/vectors_stm32f10x.o
 .debug_aranges
                0x0000000000000418       0x20 ./src/BlinkLed.o
 .debug_aranges
                0x0000000000000438       0x38 ./src/Timer.o
 .debug_aranges
                0x0000000000000470       0x20 ./src/main.o

.debug_pubnames
 *(.debug_pubnames)

.debug_info     0x0000000000000000     0x7f5d
 *(.debug_info .gnu.linkonce.wi.*)
 .debug_info    0x0000000000000000      0xbd6 ./system/src/stm32f1-stdperiph/stm32f10x_gpio.o
 .debug_info    0x0000000000000bd6      0xc7b ./system/src/stm32f1-stdperiph/stm32f10x_rcc.o
 .debug_info    0x0000000000001851      0x95d ./system/src/newlib/_exit.o
 .debug_info    0x00000000000021ae      0x949 ./system/src/newlib/_sbrk.o
 .debug_info    0x0000000000002af7      0x435 ./system/src/newlib/_startup.o
 .debug_info    0x0000000000002f2c      0xa20 ./system/src/newlib/_syscalls.o
 .debug_info    0x000000000000394c      0xa06 ./system/src/newlib/assert.o
 .debug_info    0x0000000000004352      0xb31 ./system/src/diag/Trace.o
 .debug_info    0x0000000000004e83      0x36d ./system/src/diag/trace_impl.o
 .debug_info    0x00000000000051f0      0x2bc ./system/src/cortexm/_initialize_hardware.o
 .debug_info    0x00000000000054ac     0x1146 ./system/src/cortexm/exception_handlers.o
 .debug_info    0x00000000000065f2      0x49a ./system/src/cmsis/system_stm32f10x.o
 .debug_info    0x0000000000006a8c       0xd1 ./system/src/cmsis/vectors_stm32f10x.o
 .debug_info    0x0000000000006b5d      0x296 ./src/BlinkLed.o
 .debug_info    0x0000000000006df3      0x626 ./src/Timer.o
 .debug_info    0x0000000000007419      0xb44 ./src/main.o

.debug_abbrev   0x0000000000000000     0x1dc1
 *(.debug_abbrev)
 .debug_abbrev  0x0000000000000000      0x205 ./system/src/stm32f1-stdperiph/stm32f10x_gpio.o
 .debug_abbrev  0x0000000000000205      0x209 ./system/src/stm32f1-stdperiph/stm32f10x_rcc.o
 .debug_abbrev  0x000000000000040e      0x1f3 ./system/src/newlib/_exit.o
 .debug_abbrev  0x0000000000000601      0x1fc ./system/src/newlib/_sbrk.o
 .debug_abbrev  0x00000000000007fd      0x1b3 ./system/src/newlib/_startup.o
 .debug_abbrev  0x00000000000009b0      0x234 ./system/src/newlib/_syscalls.o
 .debug_abbrev  0x0000000000000be4      0x1f3 ./system/src/newlib/assert.o
 .debug_abbrev  0x0000000000000dd7      0x276 ./system/src/diag/Trace.o
 .debug_abbrev  0x000000000000104d      0x1e2 ./system/src/diag/trace_impl.o
 .debug_abbrev  0x000000000000122f       0xea ./system/src/cortexm/_initialize_hardware.o
 .debug_abbrev  0x0000000000001319      0x329 ./system/src/cortexm/exception_handlers.o
 .debug_abbrev  0x0000000000001642      0x175 ./system/src/cmsis/system_stm32f10x.o
 .debug_abbrev  0x00000000000017b7       0x9d ./system/src/cmsis/vectors_stm32f10x.o
 .debug_abbrev  0x0000000000001854      0x15e ./src/BlinkLed.o
 .debug_abbrev  0x00000000000019b2      0x1ba ./src/Timer.o
 .debug_abbrev  0x0000000000001b6c      0x255 ./src/main.o

.debug_line     0x0000000000000000     0x4a94
 *(.debug_line)
 .debug_line    0x0000000000000000      0x8f4 ./system/src/stm32f1-stdperiph/stm32f10x_gpio.o
 .debug_line    0x00000000000008f4      0x852 ./system/src/stm32f1-stdperiph/stm32f10x_rcc.o
 .debug_line    0x0000000000001146      0x368 ./system/src/newlib/_exit.o
 .debug_line    0x00000000000014ae      0x31c ./system/src/newlib/_sbrk.o
 .debug_line    0x00000000000017ca      0x3d6 ./system/src/newlib/_startup.o
 .debug_line    0x0000000000001ba0      0x43a ./system/src/newlib/_syscalls.o
 .debug_line    0x0000000000001fda      0x3a3 ./system/src/newlib/assert.o
 .debug_line    0x000000000000237d      0x3d6 ./system/src/diag/Trace.o
 .debug_line    0x0000000000002753      0x64e ./system/src/diag/trace_impl.o
 .debug_line    0x0000000000002da1      0x379 ./system/src/cortexm/_initialize_hardware.o
 .debug_line    0x000000000000311a      0x704 ./system/src/cortexm/exception_handlers.o
 .debug_line    0x000000000000381e      0x3ed ./system/src/cmsis/system_stm32f10x.o
 .debug_line    0x0000000000003c0b      0x109 ./system/src/cmsis/vectors_stm32f10x.o
 .debug_line    0x0000000000003d14      0x356 ./src/BlinkLed.o
 .debug_line    0x000000000000406a      0x3ce ./src/Timer.o
 .debug_line    0x0000000000004438      0x65c ./src/main.o

.debug_frame    0x0000000000000000      0xd30
 *(.debug_frame)
 .debug_frame   0x0000000000000000      0x1e8 ./system/src/stm32f1-stdperiph/stm32f10x_gpio.o
 .debug_frame   0x00000000000001e8      0x320 ./system/src/stm32f1-stdperiph/stm32f10x_rcc.o
 .debug_frame   0x0000000000000508       0x38 ./system/src/newlib/_exit.o
 .debug_frame   0x0000000000000540       0x28 ./system/src/newlib/_sbrk.o
 .debug_frame   0x0000000000000568       0x7c ./system/src/newlib/_startup.o
 .debug_frame   0x00000000000005e4       0x50 ./system/src/newlib/_syscalls.o
 .debug_frame   0x0000000000000634       0x40 ./system/src/newlib/assert.o
 .debug_frame   0x0000000000000674       0x94 ./system/src/diag/Trace.o
 .debug_frame   0x0000000000000708       0x64 ./system/src/diag/trace_impl.o
 .debug_frame   0x000000000000076c       0x40 ./system/src/cortexm/_initialize_hardware.o
 .debug_frame   0x00000000000007ac      0x158 ./system/src/cortexm/exception_handlers.o
 .debug_frame   0x0000000000000904       0x6c ./system/src/cmsis/system_stm32f10x.o
 .debug_frame   0x0000000000000970       0x20 ./system/src/cmsis/vectors_stm32f10x.o
 .debug_frame   0x0000000000000990       0x30 ./src/BlinkLed.o
 .debug_frame   0x00000000000009c0       0x58 ./src/Timer.o
 .debug_frame   0x0000000000000a18       0x28 ./src/main.o
 .debug_frame   0x0000000000000a40       0x20 /home/pushkar/ARMToolchains/gcc-arm-none-eabi-6-2017-q1-update/bin/../lib/gcc/arm-none-eabi/6.3.1/../../../../arm-none-eabi/lib/thumb/v7-m/libg_nano.a(lib_a-errno.o)
 .debug_frame   0x0000000000000a60       0x4c /home/pushkar/ARMToolchains/gcc-arm-none-eabi-6-2017-q1-update/bin/../lib/gcc/arm-none-eabi/6.3.1/../../../../arm-none-eabi/lib/thumb/v7-m/libg_nano.a(lib_a-vsnprintf.o)
 .debug_frame   0x0000000000000aac       0x90 /home/pushkar/ARMToolchains/gcc-arm-none-eabi-6-2017-q1-update/bin/../lib/gcc/arm-none-eabi/6.3.1/../../../../arm-none-eabi/lib/thumb/v7-m/libg_nano.a(lib_a-nano-svfprintf.o)
 .debug_frame   0x0000000000000b3c       0x60 /home/pushkar/ARMToolchains/gcc-arm-none-eabi-6-2017-q1-update/bin/../lib/gcc/arm-none-eabi/6.3.1/../../../../arm-none-eabi/lib/thumb/v7-m/libg_nano.a(lib_a-nano-vfprintf_i.o)
 .debug_frame   0x0000000000000b9c       0x28 /home/pushkar/ARMToolchains/gcc-arm-none-eabi-6-2017-q1-update/bin/../lib/gcc/arm-none-eabi/6.3.1/../../../../arm-none-eabi/lib/thumb/v7-m/libg_nano.a(lib_a-memchr-stub.o)
 .debug_frame   0x0000000000000bc4       0x28 /home/pushkar/ARMToolchains/gcc-arm-none-eabi-6-2017-q1-update/bin/../lib/gcc/arm-none-eabi/6.3.1/../../../../arm-none-eabi/lib/thumb/v7-m/libg_nano.a(lib_a-memcpy-stub.o)
 .debug_frame   0x0000000000000bec       0x28 /home/pushkar/ARMToolchains/gcc-arm-none-eabi-6-2017-q1-update/bin/../lib/gcc/arm-none-eabi/6.3.1/../../../../arm-none-eabi/lib/thumb/v7-m/libg_nano.a(lib_a-memmove.o)
 .debug_frame   0x0000000000000c14       0x38 /home/pushkar/ARMToolchains/gcc-arm-none-eabi-6-2017-q1-update/bin/../lib/gcc/arm-none-eabi/6.3.1/../../../../arm-none-eabi/lib/thumb/v7-m/libg_nano.a(lib_a-nano-freer.o)
 .debug_frame   0x0000000000000c4c       0x2c /home/pushkar/ARMToolchains/gcc-arm-none-eabi-6-2017-q1-update/bin/../lib/gcc/arm-none-eabi/6.3.1/../../../../arm-none-eabi/lib/thumb/v7-m/libg_nano.a(lib_a-nano-mallocr.o)
 .debug_frame   0x0000000000000c78       0x3c /home/pushkar/ARMToolchains/gcc-arm-none-eabi-6-2017-q1-update/bin/../lib/gcc/arm-none-eabi/6.3.1/../../../../arm-none-eabi/lib/thumb/v7-m/libg_nano.a(lib_a-nano-reallocr.o)
 .debug_frame   0x0000000000000cb4       0x2c /home/pushkar/ARMToolchains/gcc-arm-none-eabi-6-2017-q1-update/bin/../lib/gcc/arm-none-eabi/6.3.1/../../../../arm-none-eabi/lib/thumb/v7-m/libg_nano.a(lib_a-sbrkr.o)
 .debug_frame   0x0000000000000ce0       0x30 /home/pushkar/ARMToolchains/gcc-arm-none-eabi-6-2017-q1-update/bin/../lib/gcc/arm-none-eabi/6.3.1/../../../../arm-none-eabi/lib/thumb/v7-m/libg_nano.a(lib_a-mlock.o)
 .debug_frame   0x0000000000000d10       0x20 /home/pushkar/ARMToolchains/gcc-arm-none-eabi-6-2017-q1-update/bin/../lib/gcc/arm-none-eabi/6.3.1/../../../../arm-none-eabi/lib/thumb/v7-m/libg_nano.a(lib_a-nano-msizer.o)

.debug_str      0x0000000000000000    0x5685d
 *(.debug_str)
 .debug_str     0x0000000000000000    0x4e442 ./system/src/stm32f1-stdperiph/stm32f10x_gpio.o
                                      0x4e5be (size before relaxing)
 .debug_str     0x000000000004e442      0xb4a ./system/src/stm32f1-stdperiph/stm32f10x_rcc.o
                                      0x4eb8d (size before relaxing)
 .debug_str     0x000000000004ef8c     0x4d92 ./system/src/newlib/_exit.o
                                       0x74f0 (size before relaxing)
 .debug_str     0x0000000000053d1e      0x4f5 ./system/src/newlib/_sbrk.o
                                       0x68a2 (size before relaxing)
 .debug_str     0x0000000000054213      0x260 ./system/src/newlib/_startup.o
                                       0x6064 (size before relaxing)
 .debug_str     0x0000000000054473      0xe2c ./system/src/newlib/_syscalls.o
                                       0x771e (size before relaxing)
 .debug_str     0x000000000005529f       0xd0 ./system/src/newlib/assert.o
                                       0x7ff5 (size before relaxing)
 .debug_str     0x000000000005536f      0x883 ./system/src/diag/Trace.o
                                       0x7cd6 (size before relaxing)
 .debug_str     0x0000000000055bf2      0x37b ./system/src/diag/trace_impl.o
                                      0x520d5 (size before relaxing)
 .debug_str     0x0000000000055f6d       0xb2 ./system/src/cortexm/_initialize_hardware.o
                                      0x4e0a8 (size before relaxing)
 .debug_str     0x000000000005601f      0x19d ./system/src/cortexm/exception_handlers.o
                                      0x5326a (size before relaxing)
 .debug_str     0x00000000000561bc       0x96 ./system/src/cmsis/system_stm32f10x.o
                                      0x4e142 (size before relaxing)
 .debug_str     0x0000000000056252       0x57 ./system/src/cmsis/vectors_stm32f10x.o
                                       0x30e7 (size before relaxing)
 .debug_str     0x00000000000562a9      0x130 ./src/BlinkLed.o
                                      0x4e22c (size before relaxing)
 .debug_str     0x00000000000563d9      0x3ea ./src/Timer.o
                                      0x4e45d (size before relaxing)
 .debug_str     0x00000000000567c3       0x9a ./src/main.o
                                      0x537c7 (size before relaxing)

.debug_loc      0x0000000000000000     0x1c78
 *(.debug_loc)
 .debug_loc     0x0000000000000000      0x8ae ./system/src/stm32f1-stdperiph/stm32f10x_gpio.o
 .debug_loc     0x00000000000008ae      0x9cf ./system/src/stm32f1-stdperiph/stm32f10x_rcc.o
 .debug_loc     0x000000000000127d       0x85 ./system/src/newlib/_sbrk.o
 .debug_loc     0x0000000000001302      0x19e ./system/src/newlib/_startup.o
 .debug_loc     0x00000000000014a0       0x63 ./system/src/newlib/_syscalls.o
 .debug_loc     0x0000000000001503      0x134 ./system/src/newlib/assert.o
 .debug_loc     0x0000000000001637       0xf6 ./system/src/diag/Trace.o
 .debug_loc     0x000000000000172d      0x121 ./system/src/diag/trace_impl.o
 .debug_loc     0x000000000000184e      0x291 ./system/src/cortexm/exception_handlers.o
 .debug_loc     0x0000000000001adf       0xdf ./system/src/cmsis/system_stm32f10x.o
 .debug_loc     0x0000000000001bbe       0x59 ./src/Timer.o
 .debug_loc     0x0000000000001c17       0x61 ./src/main.o

.debug_macinfo
 *(.debug_macinfo)

.debug_weaknames
 *(.debug_weaknames)

.debug_funcnames
 *(.debug_funcnames)

.debug_typenames
 *(.debug_typenames)

.debug_varnames
 *(.debug_varnames)
OUTPUT(blinkLED.elf elf32-littlearm)

.debug_ranges   0x0000000000000000      0x3f0
 .debug_ranges  0x0000000000000000       0x98 ./system/src/stm32f1-stdperiph/stm32f10x_gpio.o
 .debug_ranges  0x0000000000000098      0x108 ./system/src/stm32f1-stdperiph/stm32f10x_rcc.o
 .debug_ranges  0x00000000000001a0       0x18 ./system/src/newlib/_exit.o
 .debug_ranges  0x00000000000001b8       0x10 ./system/src/newlib/_sbrk.o
 .debug_ranges  0x00000000000001c8       0x78 ./system/src/newlib/_startup.o
 .debug_ranges  0x0000000000000240       0x20 ./system/src/newlib/_syscalls.o
 .debug_ranges  0x0000000000000260       0x18 ./system/src/newlib/assert.o
 .debug_ranges  0x0000000000000278       0x28 ./system/src/diag/Trace.o
 .debug_ranges  0x00000000000002a0       0x38 ./system/src/diag/trace_impl.o
 .debug_ranges  0x00000000000002d8       0x18 ./system/src/cortexm/_initialize_hardware.o
 .debug_ranges  0x00000000000002f0       0x80 ./system/src/cortexm/exception_handlers.o
 .debug_ranges  0x0000000000000370       0x28 ./system/src/cmsis/system_stm32f10x.o
 .debug_ranges  0x0000000000000398       0x10 ./system/src/cmsis/vectors_stm32f10x.o
 .debug_ranges  0x00000000000003a8       0x10 ./src/BlinkLed.o
 .debug_ranges  0x00000000000003b8       0x28 ./src/Timer.o
 .debug_ranges  0x00000000000003e0       0x10 ./src/main.o

.debug_macro    0x0000000000000000     0x394a
 .debug_macro   0x0000000000000000      0x1b9 ./system/src/stm32f1-stdperiph/stm32f10x_gpio.o
 .debug_macro   0x00000000000001b9       0x8b ./system/src/stm32f1-stdperiph/stm32f10x_gpio.o
 .debug_macro   0x0000000000000244      0x2a6 ./system/src/stm32f1-stdperiph/stm32f10x_gpio.o
 .debug_macro   0x00000000000004ea      0x287 ./system/src/stm32f1-stdperiph/stm32f10x_rcc.o
 .debug_macro   0x0000000000000771      0x3dc ./system/src/stm32f1-stdperiph/stm32f10x_rcc.o
 .debug_macro   0x0000000000000b4d      0x1a7 ./system/src/newlib/_exit.o
 .debug_macro   0x0000000000000cf4       0x9c ./system/src/newlib/_exit.o
 .debug_macro   0x0000000000000d90      0x10e ./system/src/newlib/_exit.o
 .debug_macro   0x0000000000000e9e       0x8d ./system/src/newlib/_exit.o
 .debug_macro   0x0000000000000f2b       0x43 ./system/src/newlib/_exit.o
 .debug_macro   0x0000000000000f6e      0x30d ./system/src/newlib/_exit.o
 .debug_macro   0x000000000000127b       0x35 ./system/src/newlib/_exit.o
 .debug_macro   0x00000000000012b0      0x15c ./system/src/newlib/_sbrk.o
 .debug_macro   0x000000000000140c      0x174 ./system/src/newlib/_sbrk.o
 .debug_macro   0x0000000000001580       0x10 ./system/src/newlib/_sbrk.o
 .debug_macro   0x0000000000001590      0x23b ./system/src/newlib/_sbrk.o
 .debug_macro   0x00000000000017cb      0x166 ./system/src/newlib/_startup.o
 .debug_macro   0x0000000000001931      0x20a ./system/src/newlib/_syscalls.o
 .debug_macro   0x0000000000001b3b       0x1c ./system/src/newlib/_syscalls.o
 .debug_macro   0x0000000000001b57       0x10 ./system/src/newlib/_syscalls.o
 .debug_macro   0x0000000000001b67       0x10 ./system/src/newlib/_syscalls.o
 .debug_macro   0x0000000000001b77       0x10 ./system/src/newlib/_syscalls.o
 .debug_macro   0x0000000000001b87       0x35 ./system/src/newlib/_syscalls.o
 .debug_macro   0x0000000000001bbc      0x122 ./system/src/newlib/_syscalls.o
 .debug_macro   0x0000000000001cde       0x88 ./system/src/newlib/_syscalls.o
 .debug_macro   0x0000000000001d66       0x2b ./system/src/newlib/_syscalls.o
 .debug_macro   0x0000000000001d91      0x118 ./system/src/newlib/_syscalls.o
 .debug_macro   0x0000000000001ea9      0x159 ./system/src/newlib/_syscalls.o
 .debug_macro   0x0000000000002002       0x16 ./system/src/newlib/_syscalls.o
 .debug_macro   0x0000000000002018      0x1c3 ./system/src/newlib/assert.o
 .debug_macro   0x00000000000021db       0x1c ./system/src/newlib/assert.o
 .debug_macro   0x00000000000021f7      0x1e4 ./system/src/diag/Trace.o
 .debug_macro   0x00000000000023db       0x16 ./system/src/diag/Trace.o
 .debug_macro   0x00000000000023f1       0x97 ./system/src/diag/Trace.o
 .debug_macro   0x0000000000002488       0xfd ./system/src/diag/Trace.o
 .debug_macro   0x0000000000002585       0x10 ./system/src/diag/Trace.o
 .debug_macro   0x0000000000002595       0x16 ./system/src/diag/Trace.o
 .debug_macro   0x00000000000025ab      0x18b ./system/src/diag/Trace.o
 .debug_macro   0x0000000000002736       0x4c ./system/src/diag/Trace.o
 .debug_macro   0x0000000000002782       0x16 ./system/src/diag/Trace.o
 .debug_macro   0x0000000000002798      0x2cd ./system/src/diag/trace_impl.o
 .debug_macro   0x0000000000002a65       0x10 ./system/src/diag/trace_impl.o
 .debug_macro   0x0000000000002a75       0xcf ./system/src/diag/trace_impl.o
 .debug_macro   0x0000000000002b44       0xbe ./system/src/diag/trace_impl.o
 .debug_macro   0x0000000000002c02       0x22 ./system/src/diag/trace_impl.o
 .debug_macro   0x0000000000002c24      0x16b ./system/src/cortexm/_initialize_hardware.o
 .debug_macro   0x0000000000002d8f      0x30d ./system/src/cortexm/exception_handlers.o
 .debug_macro   0x000000000000309c       0x3b ./system/src/cortexm/exception_handlers.o
 .debug_macro   0x00000000000030d7       0x10 ./system/src/cortexm/exception_handlers.o
 .debug_macro   0x00000000000030e7      0x16e ./system/src/cmsis/system_stm32f10x.o
 .debug_macro   0x0000000000003255       0x34 ./system/src/cmsis/vectors_stm32f10x.o
 .debug_macro   0x0000000000003289      0x170 ./src/BlinkLed.o
 .debug_macro   0x00000000000033f9       0x28 ./src/BlinkLed.o
 .debug_macro   0x0000000000003421      0x184 ./src/Timer.o
 .debug_macro   0x00000000000035a5       0x10 ./src/Timer.o
 .debug_macro   0x00000000000035b5      0x367 ./src/main.o
 .debug_macro   0x000000000000391c       0x2e ./src/main.o
